\BOOKMARK [1][-]{section.1}{\376\377\004\021\004\065\004\067\000\040\004\077\004\060\004\100\004\060\004\110\004\116\004\102\004\060\000\040\004\070\000\040\004\062\004\076\004\067\004\064\004\103\004\105\004\060\000\040}{}% 1
\BOOKMARK [1][-]{section.2}{\376\377\004\022\004\113\004\101\004\060\004\064\004\072\004\060\000\040\004\064\004\065\004\101\004\060\004\075\004\102\004\060}{}% 2
\BOOKMARK [1][-]{section.3}{\376\377\004\035\004\065\004\074\004\075\004\076\004\063\004\076\000\040\004\100\004\065\004\104\004\073\004\065\004\072\004\101\004\070\004\070\000\040}{}% 3
