\BOOKMARK [1][-]{section.1}{\376\377\004\037\004\065\004\100\004\062\004\076\004\065\000\040\004\103\004\077\004\100\004\060\004\066\004\065\004\075\004\070\004\065\000\040\040\024\000\040\004\063\004\070\004\101\004\102\004\076\004\063\004\100\004\060\004\074\004\074\004\060}{}% 1
\BOOKMARK [1][-]{section.2}{\376\377\004\022\004\102\004\076\004\100\004\076\004\065\000\040\004\103\004\077\004\100\004\060\004\066\004\065\004\075\004\070\004\065\000:\000\040\004\103\004\107\004\065\004\102\000\040\004\076\004\110\004\070\004\061\004\076\004\072}{}% 2
\BOOKMARK [1][-]{section.3}{\376\377\004\042\004\100\004\065\004\102\004\114\004\065\000\040\004\103\004\077\004\100\004\060\004\066\004\075\004\065\004\075\004\070\004\065\000:\000\040\004\072\004\100\004\103\004\063\004\076\004\062\004\060\004\117\000\040\004\064\004\070\004\060\004\063\004\100\004\060\004\074\004\074\004\060}{}% 3
\BOOKMARK [1][-]{section.4}{\376\377\004\047\004\065\004\102\004\062\004\065\004\100\004\102\004\076\004\065\000\040\004\103\004\077\004\100\004\060\004\066\004\075\004\065\004\075\004\070\004\065\000:\000\040\004\063\004\100\004\060\004\104\004\070\004\072\000\040\004\100\004\060\004\101\004\101\004\065\004\117\004\075\004\070\004\117}{}% 4
\BOOKMARK [1][-]{section.5}{\376\377\004\037\004\117\004\102\004\076\004\065\000\040\004\103\004\077\004\100\004\060\004\066\004\075\004\065\004\075\004\070\004\065\000:\000\040\004\077\004\076\004\073\004\117\004\100\004\075\004\113\004\065\000\040\004\072\004\076\004\076\004\100\004\064\004\070\004\075\004\060\004\102\004\113}{}% 5
