\BOOKMARK [1][-]{section.1}{\376\377\000M\000a\000t\000p\000l\000o\000t\000l\000i\000b}{}% 1
\BOOKMARK [1][-]{section.2}{\376\377\004\035\004\060\004\061\004\076\004\100\000\040\004\102\004\076\004\107\004\065\004\072}{}% 2
\BOOKMARK [1][-]{section.3}{\376\377\004\044\004\103\004\075\004\072\004\106\004\070\004\070}{}% 3
\BOOKMARK [1][-]{section.4}{\376\377\004\043\004\077\004\100\004\060\004\066\004\075\004\065\004\075\004\070\004\117}{}% 4
\BOOKMARK [2][-]{subsection.4.1}{\376\377\004\043\004\072\004\100\004\060\004\110\004\065\004\075\004\070\004\117}{section.4}% 5
\BOOKMARK [2][-]{subsection.4.2}{\376\377\004\035\004\065\004\101\004\072\004\076\004\073\004\114\004\072\004\076\000\040\004\072\004\100\004\070\004\062\004\113\004\105}{section.4}% 6
\BOOKMARK [2][-]{subsection.4.3}{\376\377\004\025\004\111\004\065\000\040\004\103\004\077\004\100\004\060\004\066\004\075\004\065\004\075\004\070\004\065}{section.4}% 7
