\BOOKMARK [1][-]{section.1}{\376\377\004\032\004\076\004\101\004\074\004\070\004\107\004\065\004\101\004\072\004\060\004\117\000\040\004\100\004\060\004\067\004\074\004\070\004\075\004\072\004\060}{}% 1
\BOOKMARK [1][-]{section.2}{\376\377\004\047\004\103\004\066\004\076\004\071\000\040\004\072\004\076\004\064}{}% 2
\BOOKMARK [1][-]{section.3}{\376\377\004\037\004\100\004\076\004\101\004\102\004\076\004\071\000\040\004\074\004\060\004\117\004\102\004\075\004\070\004\072}{}% 3
