\BOOKMARK [1][-]{section.1}{\376\377\004\021\004\070\004\075\004\060\004\100\004\075\004\113\004\065\000\040\004\107\004\070\004\101\004\073\004\060}{}% 1
\BOOKMARK [2][-]{subsection.1.1}{\376\377\004\022\004\105\004\076\004\064\004\075\004\113\004\065\000\040\004\064\004\060\004\075\004\075\004\113\004\065}{section.1}% 2
\BOOKMARK [2][-]{subsection.1.2}{\376\377\004\022\004\113\004\105\004\076\004\064\004\075\004\113\004\065\000\040\004\064\004\060\004\075\004\075\004\113\004\065}{section.1}% 3
\BOOKMARK [1][-]{section.2}{\376\377\004\027\004\076\004\073\004\076\004\102\004\076\004\071\000\040\004\077\004\065\004\101\004\076\004\072}{}% 4
\BOOKMARK [2][-]{subsection.2.1}{\376\377\004\022\004\105\004\076\004\064\004\075\004\113\004\065\000\040\004\064\004\060\004\075\004\075\004\113\004\065}{section.2}% 5
\BOOKMARK [2][-]{subsection.2.2}{\376\377\004\022\004\113\004\105\004\076\004\064\004\075\004\113\004\065\000\040\004\064\004\060\004\075\004\075\004\113\004\065}{section.2}% 6
\BOOKMARK [1][-]{section.3}{\376\377\004\046\004\062\004\065\004\102\004\076\004\107\004\072\004\070}{}% 7
\BOOKMARK [2][-]{subsection.3.1}{\376\377\004\022\004\105\004\076\004\064\004\075\004\113\004\065\000\040\004\064\004\060\004\075\004\075\004\113\004\065}{section.3}% 8
\BOOKMARK [2][-]{subsection.3.2}{\376\377\004\022\004\113\004\105\004\076\004\064\004\075\004\113\004\065\000\040\004\064\004\060\004\075\004\075\004\113\004\065}{section.3}% 9
