\BOOKMARK [1][-]{section.1}{\376\377\004\027\004\060\004\064\004\060\004\107\004\070}{}% 1
\BOOKMARK [2][-]{subsection.1.1}{\376\377\004\042\004\065\004\076\004\100\004\070\004\117}{section.1}% 2
\BOOKMARK [2][-]{subsection.1.2}{\376\377\004\037\004\100\004\060\004\072\004\102\004\070\004\072\004\060}{section.1}% 3
